Fib #10 = 55
Fib #20 = 6765
Fib #30 = 832040
Fib #40 = 102334155
Fib #50 = 12586269025
Fib #50 = 12586269025
