Before qsort
After qsort
Before verify
After verify: 0
