Stream init
Random replace
Stream sum: 2754450566
