Before rsort
After rsort
Before verify
After verify: 0
