Stream write 32
Stream read 32
Stream sum 32: 2147450880
