Before solve
After solve
Before verify
After verify: 0
